// Jest Snapshot v1, https://goo.gl/fbAQLP

exports[`Prueba en <GifItem/> Debe hacer match con el snapshot 1`] = `
<div>
  <div
    class="card"
  >
    <img
      alt="Esto es un titulo"
      src="http://www.google.com/"
    />
    <p>
      Esto es un titulo
    </p>
  </div>
</div>
`;
